// Jest Snapshot v1, https://goo.gl/fbAQLP

exports[`StockDetails renders correctly 1`] = `
Array [
  <div
    className="list-heading-container"
  >
    <h1>
       
      Stock Details
    </h1>
  </div>,
  <div
    className="details-container"
  />,
]
`;
